// Jest Snapshot v1, https://goo.gl/fbAQLP

exports[`test DetailsForm component should render the component to match snapshot 1`] = `ReactWrapper {}`;
